CREATE TABLE foo (
    FirstName INTEGER NOT NULL,
    LastName INTEGER NOT NULL,
    DateOfBirth INTEGER NOT NULL
)