namespace CodeGen.Demo
{
  class Customer
  {
    public string FirstName   { get; set; }
    public string LastName    { get; set; }
    public string DateOfBirth { get; set; }
  }
}