namespace CodeGen.Demo
{
  class Customer
  {
    public string FirstName 
    { 
        get 
        {
			// CUSTOM-CODE-BEGIN get-FirstName
            return _firstName;
			// CUSTOM-CODE-END get-FirstName
        } 
    }
    public string LastName 
    { 
        get 
        {
			// CUSTOM-CODE-BEGIN get-LastName
			return _lastName;
			// CUSTOM-CODE-END get-LastName
        } 
    }
    public string DateOfBirth 
    { 
        get 
        {
			// CUSTOM-CODE-BEGIN get-DateOfBirth

			// CUSTOM-CODE-END get-DateOfBirth
        } 
    }
  }
}
}